// Jest Snapshot v1, https://goo.gl/fbAQLP

exports[`RadioButtonComponent should render 1`] = `
<tabu-dynamic-form-radio-button
  control={[Function FormControlRadioButton]}
  group={[Function FormGroup]}
>
  <div
    class="tabu-radio-button-container ng-untouched ng-pristine ng-valid"
    ng-reflect-form="[object Object]"
  >
    <label
      class="tabu-radio-label"
    >
      testLabel:
    </label>
    <mat-radio-group
      class="mat-radio-group ng-untouched ng-pristine ng-valid"
      ng-reflect-name="testKey"
      role="radiogroup"
    >
      
    </mat-radio-group>
  </div>
</tabu-dynamic-form-radio-button>
`;
