// Jest Snapshot v1, https://goo.gl/fbAQLP

exports[`ProgressBarComponent should render 1`] = `
<tabu-app-progress-bar
  progressMode={[Function String]}
  progressValue="0"
>
  <mat-progress-bar
    aria-valuemax="100"
    aria-valuemin="0"
    aria-valuenow="0"
    class="mat-progress-bar mat-primary"
    mode="determinate"
    ng-reflect-mode="determinate"
    ng-reflect-value="0"
    role="progressbar"
  >
    <svg
      class="mat-progress-bar-background mat-progress-bar-element"
      focusable="false"
      height="4"
      width="100%"
    >
      <defs>
        <pattern
          height="4"
          id="mat-progress-bar-1"
          patternUnits="userSpaceOnUse"
          width="8"
          x="4"
          y="0"
        >
          <circle
            cx="2"
            cy="2"
            r="2"
          />
        </pattern>
      </defs>
      <rect
        fill="url('/#mat-progress-bar-1')"
        height="100%"
        width="100%"
      />
    </svg>
    <div
      class="mat-progress-bar-buffer mat-progress-bar-element"
    />
    <div
      class="mat-progress-bar-primary mat-progress-bar-fill mat-progress-bar-element"
      ng-reflect-ng-style="[object Object]"
      style="transform: scaleX(0);"
    />
    <div
      class="mat-progress-bar-secondary mat-progress-bar-fill mat-progress-bar-element"
    />
  </mat-progress-bar>
</tabu-app-progress-bar>
`;
