// Jest Snapshot v1, https://goo.gl/fbAQLP

exports[`LoginFormComponent should render 1`] = `
<tabu-login-form
  credentials={[Function Object]}
  error=""
  formModel={[Function FormSetup]}
  login={[Function EventEmitter]}
>
  <h1>
    Login Form
  </h1><tabu-dynamic-form />
</tabu-login-form>
`;
